
> nouryx-web@0.1.0 build
> next build

node.exe : ΓÜá Warning: Next.js inferred 
your workspace root, but it may not be 
correct.
At line:1 char:1
+ & "A:\/node.exe" "C:\Users\Aims 
tech\AppData\Roaming\npm/node_modules ...
+ ~~~~~~~~~~~~~~~~~~~~~~~~~~~~~~~~~~~~~~~~~~~
~~~~~~~~~~~~~~~~~~~~~~~~~~
    + CategoryInfo          : NotSpecified:  
   (ΓÜá Warning: Ne...not be correct.:Strin  
  g) [], RemoteException
    + FullyQualifiedErrorId : NativeCommandE 
   rror
 
 We detected multiple lockfiles and selected 
the directory of C:\Users\Aims 
tech\package-lock.json as the root directory.
 To silence this warning, set 
`turbopack.root` in your Next.js config, or 
consider removing one of the lockfiles if 
it's not needed.
   See https://nextjs.org/docs/app/api-refere
nce/config/next-config-js/turbopack#root-dire
ctory for more information.
 Detected additional lockfiles: 
   * C:\Users\Aims tech\Documents\Nouryx\Nour
yx-Website\package-lock.json

Γû▓ Next.js 16.1.6 (Turbopack)
- Environments: .env.local

  Creating an optimized production build ...

> Build error occurred
Error: Turbopack build failed with 1 errors:
./Documents/Nouryx/Nouryx-Website/src/app/das
hboard/team-members/page.tsx:258:23
Parsing ecmascript source code failed
[0m [90m 256 |[39m                        
 [33m<[39m[33m/[39m[33mdiv[39m[33m>[3
9m
 [90m 257 |[39m                     [33m<
[39m[33m/[39m[33mdiv[39m[33m>[39m
[31m[1m>[22m[39m[90m 258 |[39m         
            ))}
 [90m     |[39m                       
[31m[1m^[22m[39m
 [90m 259 |[39m                 [33m<[39m
[33m/[39m[33mdiv[39m[33m>[39m
 [90m 260 |[39m             )}
 [90m 261 |[39m[0m

Unexpected token. Did you mean `{'}'}` or 
`&rbrace;`?


    at <unknown> (./Documents/Nouryx/Nouryx-W
ebsite/src/app/dashboard/team-members/page.ts
x:258:23)
